// Jest Snapshot v1, https://goo.gl/fbAQLP

exports[`<MapScreen/> should render without failing 1`] = `<View />`;
